// Jest Snapshot v1, https://goo.gl/fbAQLP

exports[`Federation Example should generate correct schema: federation-example-schema 1`] = `
"enum CacheControlScope {
  PRIVATE
  PUBLIC
}

type Product {
  inStock: Boolean
  name: String
  price: Int
  reviews: [Review]
  shippingEstimate: Int
  upc: String!
  weight: Int
}

type Query {
  me: User
  topProducts(first: Int = 5): [Product]
  user(id: ID!): User
  users: [User]
}

type Review {
  author: User
  body: String
  id: ID!
  product: Product
}

\\"\\"\\"The \`Upload\` scalar type represents a file upload.\\"\\"\\"
scalar Upload

type User {
  id: ID!
  name: String
  reviews: [Review]
  username: String
}
"
`;

exports[`Federation Example should give correct response for example queries: example-query.graphql-federation-example-result 1`] = `
Object {
  "data": Object {
    "me": Object {
      "name": "Ada Lovelace",
      "reviews": Array [
        Object {
          "author": Object {
            "id": "1",
            "reviews": Array [
              Object {
                "body": "Love it!",
              },
              Object {
                "body": "Too expensive.",
              },
            ],
            "username": "@ada",
          },
          "body": "Love it!",
          "product": Object {
            "name": "Table",
          },
        },
        Object {
          "author": Object {
            "id": "1",
            "reviews": Array [
              Object {
                "body": "Love it!",
              },
              Object {
                "body": "Too expensive.",
              },
            ],
            "username": "@ada",
          },
          "body": "Too expensive.",
          "product": Object {
            "name": "Couch",
          },
        },
      ],
    },
  },
}
`;
